Warning: couldn't find window named TempConsoleTitle: 6584
[2026-10-02 20:41:45.252] [INFO] Project: Ouroboros
[2026-10-02 20:41:45.334] [INFO] Git Commit Hash: Unknown
[2026-10-02 20:41:45.439] [INFO] Running City of Heroes
[2026-10-02 20:41:45.548] [INFO] Preloaded PhysX DLLs
[2026-10-02 20:41:45.641] [DEBUG] Loading message stores
AutoDataDir: Found relative data folder D:/repos/Thunderspies/i24/data
[2026-10-02 20:41:45.841] [DEBUG] Reading from bin/clientmessages-en.bin
[2026-10-02 20:41:46.033] [DEBUG] 	texts\English\menuMessages.ms
[2026-10-02 20:41:46.173] [DEBUG] 	texts\English\v_menuMessages.ms
[2026-10-02 20:41:46.311] [DEBUG] 	texts\English\Inventions\Salvage.xls.ms
[2026-10-02 20:41:46.477] [DEBUG] 	texts\English\Inventions\Salvage_rewards.xls.ms
[2026-10-02 20:41:46.495] [DEBUG] 	texts\English\powerThemes.ms
[2026-10-02 20:41:46.507] [DEBUG] 	texts\English\eula.ms
[2026-10-02 20:41:46.516] [DEBUG] 	texts\English\nda.ms
[2026-10-02 20:41:46.525] [DEBUG] 	texts\English\powers\
[2026-10-02 20:41:46.534] [DEBUG] 	texts\English\badges\
[2026-10-02 20:41:46.543] [DEBUG] 	texts\English\PopHelp\
[2026-10-02 20:41:46.553] [DEBUG] 	texts\English\classes\
[2026-10-02 20:41:46.562] [DEBUG] 	texts\English\origins\
[2026-10-02 20:41:46.571] [DEBUG] 	texts\English\boostset\
[2026-10-02 20:41:46.581] [DEBUG] 	texts\English\attribs\
[2026-10-02 20:41:46.590] [DEBUG] 	texts\English\costume\
[2026-10-02 20:41:46.599] [DEBUG] 	texts\English\bases\
[2026-10-02 20:41:46.608] [DEBUG] 	texts\English\defs\
[2026-10-02 20:41:46.617] [DEBUG] 	texts\English\cards\
[2026-10-02 20:41:46.627] [DEBUG] 	texts\English\villains\
[2026-10-02 20:41:46.637] [DEBUG] 	texts\English\Player_Created\
[2026-10-02 20:41:46.671] [DEBUG] 	texts\English\textureWords.ms
[2026-10-02 20:41:46.683] [DEBUG] Reading from bin/loadingtipmessages-en.bin
[2026-10-02 20:41:46.699] [DEBUG] 	texts\English\loadingTips.ms
[2026-10-02 20:41:46.711] [DEBUG] 	texts\English\cmdMessagesClient.ms
[2026-10-02 20:41:46.724] [INFO] Loaded message stores
[2026-10-02 20:41:46.790] [INFO] Initialized error log D:/repos/Thunderspies/i24/logs/game/errorLogLastRun.log
[2026-10-02 20:41:46.827] [VERBOSE] Initializing GLEW 2.1.0
[2026-10-02 20:41:46.837] [VERBOSE] OpenGL Vendor: Microsoft Corporation
[2026-10-02 20:41:46.849] [VERBOSE] OpenGL Renderer: GDI Generic
[2026-10-02 20:41:46.861] [VERBOSE] OpenGL Version: 1.1.0
[2026-10-02 20:41:46.875] [VERBOSE] Your video driver is missing support for ARB_multitexture
[2026-10-02 20:41:46.895] [VERBOSE] Your video driver is missing support for ARB_texture_compression
[2026-10-02 20:41:46.925] [INFO] Initialized hardware lights
[2026-10-02 20:41:46.937] [DEBUG] 	Parsing .statebits from seqstatebits.bin
[2026-10-02 20:41:46.960] [ERROR] Your video driver is missing support for required extensions. Bailing
winMsgError:

An OpenGL driver for your video card 'Microsoft Basic Display Adapter' was not found.



The game will not run with your current configuration.



Please update your video card drivers in order to add OpenGL support.  Go to www.nvidia.com, www.ati.com, or www.intel.com to update your video card driver. In some cases, such as laptops, you may need to get the video drivers from your computer manufacturer.


setHostIpList, D:\repos\Thunderspies\CoX\out\piggle-direct\libs\UtilitiesLib\src\network\sock.c, 255: 10093
